--- 
http_interactions: 
- request: 
    method: get
    uri: http://www.flickr.com/services/oauth/request_token?oauth_callback=oob
    body: 
      encoding: US-ASCII
      string: ""
    headers: 
      Authorization: 
      - OAuth oauth_consumer_key="foo", oauth_nonce="f0b516bcf18b7ce5361015b2f3e16825", oauth_signature="3yBzvaPpjWcvd9MYwfFycmDwL4w%3D", oauth_signature_method="HMAC-SHA1", oauth_timestamp="1337013923", oauth_version="1.0"
  response: 
    status: 
      code: 401
      message: 
    headers: 
      date: 
      - Mon, 14 May 2012 16:45:23 GMT
      p3p: 
      - policyref="http://info.yahoo.com/w3c/p3p.xml", CP="CAO DSP COR CUR ADM DEV TAI PSA PSD IVAi IVDi CONi TELo OTPi OUR DELi SAMi OTRi UNRi PUBi IND PHY ONL UNI PUR FIN COM NAV INT DEM CNT STA POL HEA PRE LOC GOV"
      set-cookie: 
      - localization=en-us%3Bus%3Bus; expires=Mon, 12-May-2014 16:45:23 GMT; path=/; domain=.flickr.com
      cache-control: 
      - private
      x-served-by: 
      - www148.flickr.mud.yahoo.com
      vary: 
      - Accept-Encoding
      content-type: 
      - text/plain;charset=UTF-8
      age: 
      - "2"
      via: 
      - HTTP/1.1 r17.ycpi.mud.yahoo.net (YahooTrafficServer/1.20.16 [cMsSf ]), HTTP/1.1 r11.ycpi.ams.yahoo.net (YahooTrafficServer/1.20.16 [cMsSf ])
      server: 
      - YTS/1.20.16
      connection: 
      - close
    body: 
      encoding: ASCII-8BIT
      string: oauth_problem=consumer_key_unknown
    http_version: 
  recorded_at: Mon, 14 May 2012 16:45:24 GMT
- request: 
    method: get
    uri: http://www.flickr.com/services/oauth/request_token?oauth_callback=oob
    body: 
      encoding: US-ASCII
      string: ""
    headers: 
      Authorization: 
      - OAuth oauth_consumer_key="API_KEY", oauth_nonce="fd7c73dbb8eeabcc3a3827ff05e3620c", oauth_signature="wfkELOLgWkl0DRjZVdLbg39OabQ%3D", oauth_signature_method="HMAC-SHA1", oauth_timestamp="1337013924", oauth_version="1.0"
  response: 
    status: 
      code: 401
      message: 
    headers: 
      date: 
      - Mon, 14 May 2012 16:45:24 GMT
      p3p: 
      - policyref="http://info.yahoo.com/w3c/p3p.xml", CP="CAO DSP COR CUR ADM DEV TAI PSA PSD IVAi IVDi CONi TELo OTPi OUR DELi SAMi OTRi UNRi PUBi IND PHY ONL UNI PUR FIN COM NAV INT DEM CNT STA POL HEA PRE LOC GOV"
      set-cookie: 
      - localization=en-us%3Bus%3Bus; expires=Mon, 12-May-2014 16:45:24 GMT; path=/; domain=.flickr.com
      cache-control: 
      - private
      x-served-by: 
      - www214.flickr.mud.yahoo.com
      vary: 
      - Accept-Encoding
      content-type: 
      - text/plain;charset=UTF-8
      age: 
      - "0"
      via: 
      - HTTP/1.1 r44.ycpi.mud.yahoo.net (YahooTrafficServer/1.20.16 [cMsSf ]), HTTP/1.1 r20.ycpi.ams.yahoo.net (YahooTrafficServer/1.20.16 [cMsSf ])
      server: 
      - YTS/1.20.16
      connection: 
      - close
    body: 
      encoding: ASCII-8BIT
      string: oauth_problem=signature_invalid&debug_sbs=GET&http%3A%2F%2Fwww.flickr.com%2Fservices%2Foauth%2Frequest_token&oauth_callback%3Doob%26oauth_consumer_key%3DAPI_KEY%26oauth_nonce%3Dfd7c73dbb8eeabcc3a3827ff05e3620c%26oauth_signature_method%3DHMAC-SHA1%26oauth_timestamp%3D1337013924%26oauth_version%3D1.0
    http_version: 
  recorded_at: Mon, 14 May 2012 16:45:25 GMT
- request: 
    method: get
    uri: http://www.flickr.com/services/oauth/request_token?oauth_callback=oob
    body: 
      encoding: US-ASCII
      string: ""
    headers: 
      Authorization: 
      - OAuth oauth_consumer_key="API_KEY", oauth_nonce="9c017e63fa165872fb6bdb47f67ced4c", oauth_signature="oHHbLzs%2B37XDu8X%2FZkDp7tjUuek%3D", oauth_signature_method="HMAC-SHA1", oauth_timestamp="1337013925", oauth_version="1.0"
  response: 
    status: 
      code: 200
      message: 
    headers: 
      date: 
      - Mon, 14 May 2012 16:45:25 GMT
      p3p: 
      - policyref="http://info.yahoo.com/w3c/p3p.xml", CP="CAO DSP COR CUR ADM DEV TAI PSA PSD IVAi IVDi CONi TELo OTPi OUR DELi SAMi OTRi UNRi PUBi IND PHY ONL UNI PUR FIN COM NAV INT DEM CNT STA POL HEA PRE LOC GOV"
      set-cookie: 
      - localization=en-us%3Bus%3Bus; expires=Mon, 12-May-2014 16:45:25 GMT; path=/; domain=.flickr.com
      cache-control: 
      - private
      x-served-by: 
      - www86.flickr.mud.yahoo.com
      vary: 
      - Accept-Encoding
      content-type: 
      - text/plain;charset=UTF-8
      age: 
      - "0"
      via: 
      - HTTP/1.1 r19.ycpi.mud.yahoo.net (YahooTrafficServer/1.20.16 [cMsSf ]), HTTP/1.1 r15.ycpi.dee.yahoo.net (YahooTrafficServer/1.20.16 [cMsSf ])
      server: 
      - YTS/1.20.16
      connection: 
      - close
    body: 
      encoding: ASCII-8BIT
      string: oauth_callback_confirmed=true&oauth_token=72157629726432998-b6e8086eed4dedfc&oauth_token_secret=1255246a9fb043cc
    http_version: 
  recorded_at: Mon, 14 May 2012 16:45:26 GMT
- request: 
    method: get
    uri: http://www.flickr.com/services/oauth/access_token?oauth_verifier=foo
    body: 
      encoding: US-ASCII
      string: ""
    headers: 
      Authorization: 
      - OAuth oauth_consumer_key="API_KEY", oauth_nonce="566aea9d42357131ea898b99198db774", oauth_signature="jITn0YkQQKofllBp0m3w8kOn%2Bqg%3D", oauth_signature_method="HMAC-SHA1", oauth_timestamp="1337013926", oauth_token="72157629726432998-b6e8086eed4dedfc", oauth_version="1.0"
  response: 
    status: 
      code: 401
      message: 
    headers: 
      date: 
      - Mon, 14 May 2012 16:45:26 GMT
      p3p: 
      - policyref="http://info.yahoo.com/w3c/p3p.xml", CP="CAO DSP COR CUR ADM DEV TAI PSA PSD IVAi IVDi CONi TELo OTPi OUR DELi SAMi OTRi UNRi PUBi IND PHY ONL UNI PUR FIN COM NAV INT DEM CNT STA POL HEA PRE LOC GOV"
      set-cookie: 
      - localization=en-us%3Bus%3Bus; expires=Mon, 12-May-2014 16:45:26 GMT; path=/; domain=.flickr.com
      cache-control: 
      - private
      x-served-by: 
      - www131.flickr.mud.yahoo.com
      vary: 
      - Accept-Encoding
      content-type: 
      - text/plain;charset=UTF-8
      age: 
      - "0"
      via: 
      - HTTP/1.1 r46.ycpi.mud.yahoo.net (YahooTrafficServer/1.20.16 [cMsSf ]), HTTP/1.1 r08.ycpi.ams.yahoo.net (YahooTrafficServer/1.20.16 [cMsSf ])
      server: 
      - YTS/1.20.16
      connection: 
      - close
    body: 
      encoding: ASCII-8BIT
      string: oauth_problem=token_rejected
    http_version: 
  recorded_at: Mon, 14 May 2012 16:45:26 GMT
recorded_with: VCR 2.1.1
