--- 
http_interactions: 
- request: 
    method: get
    uri: http://www.flickr.com/services/oauth/request_token?oauth_callback=oob
    body: 
      encoding: US-ASCII
      string: ""
    headers: 
      Authorization: 
      - OAuth oauth_consumer_key="foo", oauth_nonce="343828b763700300dc63df28dee85a7c", oauth_signature="qv48Khp9bvT4WvEhHMMbtSFCnQE%3D", oauth_signature_method="HMAC-SHA1", oauth_timestamp="1337106972", oauth_version="1.0"
  response: 
    status: 
      code: 401
      message: 
    headers: 
      date: 
      - Tue, 15 May 2012 18:36:13 GMT
      p3p: 
      - policyref="http://info.yahoo.com/w3c/p3p.xml", CP="CAO DSP COR CUR ADM DEV TAI PSA PSD IVAi IVDi CONi TELo OTPi OUR DELi SAMi OTRi UNRi PUBi IND PHY ONL UNI PUR FIN COM NAV INT DEM CNT STA POL HEA PRE LOC GOV"
      set-cookie: 
      - localization=en-us%3Bus%3Bus; expires=Tue, 13-May-2014 18:36:13 GMT; path=/; domain=.flickr.com
      cache-control: 
      - private
      x-served-by: 
      - www150.flickr.mud.yahoo.com
      vary: 
      - Accept-Encoding
      content-type: 
      - text/plain;charset=UTF-8
      age: 
      - "0"
      via: 
      - HTTP/1.1 r39.ycpi.mud.yahoo.net (YahooTrafficServer/1.20.16 [cMsSf ]), HTTP/1.1 r12.ycpi.ams.yahoo.net (YahooTrafficServer/1.20.16 [cMsSf ])
      server: 
      - YTS/1.20.16
      connection: 
      - close
    body: 
      encoding: ASCII-8BIT
      string: oauth_problem=consumer_key_unknown
    http_version: 
  recorded_at: Tue, 15 May 2012 18:36:13 GMT
- request: 
    method: get
    uri: http://www.flickr.com/services/oauth/request_token?oauth_callback=oob
    body: 
      encoding: US-ASCII
      string: ""
    headers: 
      Authorization: 
      - OAuth oauth_consumer_key="API_KEY", oauth_nonce="74d7fa04db335e2937437ae76ee1f0d7", oauth_signature="FLbia4X%2FI%2B2YNi2JOImB1aUzCiU%3D", oauth_signature_method="HMAC-SHA1", oauth_timestamp="1337106973", oauth_version="1.0"
  response: 
    status: 
      code: 401
      message: 
    headers: 
      date: 
      - Tue, 15 May 2012 18:36:13 GMT
      p3p: 
      - policyref="http://info.yahoo.com/w3c/p3p.xml", CP="CAO DSP COR CUR ADM DEV TAI PSA PSD IVAi IVDi CONi TELo OTPi OUR DELi SAMi OTRi UNRi PUBi IND PHY ONL UNI PUR FIN COM NAV INT DEM CNT STA POL HEA PRE LOC GOV"
      set-cookie: 
      - localization=en-us%3Bus%3Bus; expires=Tue, 13-May-2014 18:36:13 GMT; path=/; domain=.flickr.com
      cache-control: 
      - private
      x-served-by: 
      - www43.flickr.mud.yahoo.com
      vary: 
      - Accept-Encoding
      content-type: 
      - text/plain;charset=UTF-8
      age: 
      - "0"
      via: 
      - HTTP/1.1 r41.ycpi.mud.yahoo.net (YahooTrafficServer/1.20.16 [cMsSf ]), HTTP/1.1 r17.ycpi.ams.yahoo.net (YahooTrafficServer/1.20.16 [cMsSf ])
      server: 
      - YTS/1.20.16
      connection: 
      - close
    body: 
      encoding: ASCII-8BIT
      string: oauth_problem=signature_invalid&debug_sbs=GET&http%3A%2F%2Fwww.flickr.com%2Fservices%2Foauth%2Frequest_token&oauth_callback%3Doob%26oauth_consumer_key%3DAPI_KEY%26oauth_nonce%3D74d7fa04db335e2937437ae76ee1f0d7%26oauth_signature_method%3DHMAC-SHA1%26oauth_timestamp%3D1337106973%26oauth_version%3D1.0
    http_version: 
  recorded_at: Tue, 15 May 2012 18:36:13 GMT
- request: 
    method: get
    uri: http://www.flickr.com/services/oauth/request_token?oauth_callback=oob
    body: 
      encoding: US-ASCII
      string: ""
    headers: 
      Authorization: 
      - OAuth oauth_consumer_key="API_KEY", oauth_nonce="f281211235ee00e5e804b0bced07db86", oauth_signature="FEFxXucnkU1vqcapGXSmFFQV3RA%3D", oauth_signature_method="HMAC-SHA1", oauth_timestamp="1337106973", oauth_version="1.0"
  response: 
    status: 
      code: 200
      message: 
    headers: 
      date: 
      - Tue, 15 May 2012 18:36:13 GMT
      p3p: 
      - policyref="http://info.yahoo.com/w3c/p3p.xml", CP="CAO DSP COR CUR ADM DEV TAI PSA PSD IVAi IVDi CONi TELo OTPi OUR DELi SAMi OTRi UNRi PUBi IND PHY ONL UNI PUR FIN COM NAV INT DEM CNT STA POL HEA PRE LOC GOV"
      set-cookie: 
      - localization=en-us%3Bus%3Bus; expires=Tue, 13-May-2014 18:36:14 GMT; path=/; domain=.flickr.com
      cache-control: 
      - private
      x-served-by: 
      - www197.flickr.mud.yahoo.com
      vary: 
      - Accept-Encoding
      content-type: 
      - text/plain;charset=UTF-8
      age: 
      - "3"
      via: 
      - HTTP/1.1 r27.ycpi.mud.yahoo.net (YahooTrafficServer/1.20.16 [cMsSf ]), HTTP/1.1 r08.ycpi.ams.yahoo.net (YahooTrafficServer/1.20.16 [cMsSf ])
      server: 
      - YTS/1.20.16
      connection: 
      - close
    body: 
      encoding: ASCII-8BIT
      string: oauth_callback_confirmed=true&oauth_token=72157629743800246-00b99df825d26ba8&oauth_token_secret=c196d84eb9991116
    http_version: 
  recorded_at: Tue, 15 May 2012 18:36:14 GMT
- request: 
    method: get
    uri: http://www.flickr.com/services/oauth/access_token?oauth_verifier=foo
    body: 
      encoding: US-ASCII
      string: ""
    headers: 
      Authorization: 
      - OAuth oauth_consumer_key="API_KEY", oauth_nonce="269c50cc0bb64d4d1a6278ba0fd444a5", oauth_signature="%2FjkXnUp9knnhzs9zhRCmUM8%2FLJo%3D", oauth_signature_method="HMAC-SHA1", oauth_timestamp="1337106974", oauth_token="72157629743800246-00b99df825d26ba8", oauth_version="1.0"
  response: 
    status: 
      code: 401
      message: 
    headers: 
      date: 
      - Tue, 15 May 2012 18:36:15 GMT
      p3p: 
      - policyref="http://info.yahoo.com/w3c/p3p.xml", CP="CAO DSP COR CUR ADM DEV TAI PSA PSD IVAi IVDi CONi TELo OTPi OUR DELi SAMi OTRi UNRi PUBi IND PHY ONL UNI PUR FIN COM NAV INT DEM CNT STA POL HEA PRE LOC GOV"
      set-cookie: 
      - localization=en-us%3Bus%3Bus; expires=Tue, 13-May-2014 18:36:15 GMT; path=/; domain=.flickr.com
      cache-control: 
      - private
      x-served-by: 
      - www111.flickr.mud.yahoo.com
      vary: 
      - Accept-Encoding
      content-type: 
      - text/plain;charset=UTF-8
      age: 
      - "0"
      via: 
      - HTTP/1.1 r23.ycpi.mud.yahoo.net (YahooTrafficServer/1.20.16 [cMsSf ]), HTTP/1.1 r10.ycpi.ukl.yahoo.net (YahooTrafficServer/1.20.16 [cMsSf ])
      server: 
      - YTS/1.20.16
      connection: 
      - close
    body: 
      encoding: ASCII-8BIT
      string: oauth_problem=token_rejected
    http_version: 
  recorded_at: Tue, 15 May 2012 18:36:15 GMT
recorded_with: VCR 2.1.1
